{"id":"5af2c7c6-d1b0-4567-ac39-0bb77ccb353b","updated_at":"2026-03-11T13:31:02.007411300Z","deleted":false,"fields":{"id":4,"title":"DB performance","body":"database index query optimisation storage engine"},"xmin":0,"xmax":0}
{"id":"4d60ed16-8cf6-4e60-b9ea-5d66e994110a","updated_at":"2026-03-11T13:31:01.850005700Z","deleted":false,"fields":{"body":"python scripting dynamic typing interpreted","id":3,"title":"Python tutorial"},"xmin":0,"xmax":0}
{"id":"0c89dd92-704d-4165-918a-7a3f11fad21b","updated_at":"2026-03-11T13:31:01.537204700Z","deleted":false,"fields":{"id":1,"body":"rust systems programming language memory safe","title":"Rust intro"},"xmin":0,"xmax":0}
{"id":"ae0e86c5-e1ac-4648-b194-ab3c2ffa4c19","updated_at":"2026-03-11T13:31:01.693186100Z","deleted":false,"fields":{"id":2,"body":"database query storage engine index performance","title":"Database design"},"xmin":0,"xmax":0}
